
Discarded input sections

 .gnu.lto_.profile.e3c93cba
                0x00000000        0xb obj/main.o
 .gnu.lto_.icf.e3c93cba
                0x00000000       0x97 obj/main.o
 .gnu.lto_.ipa_sra.e3c93cba
                0x00000000       0x7b obj/main.o
 .gnu.lto_.inline.e3c93cba
                0x00000000      0x181 obj/main.o
 .gnu.lto_.jmpfuncs.e3c93cba
                0x00000000      0x3b4 obj/main.o
 .gnu.lto_.pureconst.e3c93cba
                0x00000000       0x25 obj/main.o
 .gnu.lto_.ipa_modref.e3c93cba
                0x00000000       0x91 obj/main.o
 .gnu.lto_.lto.e3c93cba
                0x00000000        0x8 obj/main.o
 .gnu.lto_TestTimerCallbackFunc.17.e3c93cba
                0x00000000      0x157 obj/main.o
 .gnu.lto_cleanup.18.e3c93cba
                0x00000000      0x24c obj/main.o
 .gnu.lto_OnDraw.19.e3c93cba
                0x00000000      0x202 obj/main.o
 .gnu.lto_OnLoad.20.e3c93cba
                0x00000000      0x20e obj/main.o
 .gnu.lto_OpenJoystick.21.e3c93cba
                0x00000000       0xf5 obj/main.o
 .gnu.lto_main.22.e3c93cba
                0x00000000     0x1201 obj/main.o
 .gnu.lto__start.23.e3c93cba
                0x00000000      0x122 obj/main.o
 .gnu.lto_OnDraw.part.0.49.e3c93cba
                0x00000000      0x23e obj/main.o
 .gnu.lto_.symbol_nodes.e3c93cba
                0x00000000      0x2ab obj/main.o
 .gnu.lto_.refs.e3c93cba
                0x00000000       0x48 obj/main.o
 .gnu.lto_.decls.e3c93cba
                0x00000000     0x2cac obj/main.o
 .gnu.lto_.symtab.e3c93cba
                0x00000000      0x331 obj/main.o
 .gnu.lto_.ext_symtab.e3c93cba
                0x00000000       0x3b obj/main.o
 .gnu.lto_.opts
                0x00000000       0xaa obj/main.o

Memory Configuration

Name             Origin             Length             Attributes
*default*        0x00000000         0xffffffff

Linker script and memory map

Address of section .text set to 0x0
LOAD C:/Lorenzati/dev/amiga/amiDev/libs\libc.a
LOAD C:/Lorenzati/dev/amiga/amiDev/libs\libm.a
LOAD C:/Lorenzati/dev/amiga/amiDev/libs\libdebug.a
LOAD C:/Lorenzati/dev/amiga/amiDev/libs\libnet.a
LOAD C:/Lorenzati/dev/amiga/amiDev/libs\libunix.a
LOAD C:/Lorenzati/dev/amiga/amiDev/libs\libc.a
LOAD C:/Lorenzati/dev/amiga/amiDev/libs\libm.a
LOAD C:/Lorenzati/dev/amiga/amiDev/libs\libamiga.a
LOAD C:/Lorenzati/dev/amiga/amiDev/libs\libsdl.a
LOAD obj/main.o
                [!provide]                        PROVIDE (__executable_start = SEGMENT_START ("text-segment", 0x80000000))
                0x80000074                        . = (SEGMENT_START ("text-segment", 0x80000000) + SIZEOF_HEADERS)

.interp
 *(.interp)

.note.gnu.build-id
 *(.note.gnu.build-id)

.hash
 *(.hash)

.gnu.hash
 *(.gnu.hash)

.dynsym
 *(.dynsym)

.dynstr
 *(.dynstr)

.gnu.version
 *(.gnu.version)

.gnu.version_d
 *(.gnu.version_d)

.gnu.version_r
 *(.gnu.version_r)

.rela.dyn       0x80000074        0x0
 *(.rela.init)
 *(.rela.text .rela.text.* .rela.gnu.linkonce.t.*)
 *(.rela.fini)
 *(.rela.rodata .rela.rodata.* .rela.gnu.linkonce.r.*)
 *(.rela.data .rela.data.* .rela.gnu.linkonce.d.*)
 *(.rela.tdata .rela.tdata.* .rela.gnu.linkonce.td.*)
 *(.rela.tbss .rela.tbss.* .rela.gnu.linkonce.tb.*)
 *(.rela.ctors)
 *(.rela.dtors)
 *(.rela.got)
 *(.rela.bss .rela.bss.* .rela.gnu.linkonce.b.*)
                [!provide]                        PROVIDE (__rela_iplt_start = .)
 *(.rela.iplt)
                [!provide]                        PROVIDE (__rela_iplt_end = .)

.rela.plt
 *(.rela.plt)

.init
 *(SORT_NONE(.init))

.plt
 *(.plt)

.iplt
 *(.iplt)

.text           0x00000000      0x580
 *(.text.unlikely .text.*_unlikely .text.unlikely.*)
 .text.unlikely
                0x00000000        0x6 obj/main.o
                0x00000000                _start
 *(.text.exit .text.exit.*)
 *(.text.startup .text.startup.*)
 .text.startup  0x00000006      0x444 obj/main.o
                0x00000006                main
 *(.text.hot .text.hot.*)
 *(SORT_BY_NAME(.text.sorted.*))
 *(.text .stub .text.* .gnu.linkonce.t.*)
 *fill*         0x0000044a        0x2 4e714e71
 .text          0x0000044c      0x134 obj/main.o
                0x0000044c                TestTimerCallbackFunc
                0x00000460                cleanup
                0x000004d4                OnDraw
                0x00000514                OnLoad
                0x00000562                OpenJoystick
 *(.gnu.warning)

.fini
 *(SORT_NONE(.fini))
                [!provide]                        PROVIDE (__etext = .)
                [!provide]                        PROVIDE (_etext = .)
                [!provide]                        PROVIDE (etext = .)

.rodata         0x00000580      0x23f
 *(.rodata .rodata.* .gnu.linkonce.r.*)
 .rodata        0x00000580      0x23f obj/main.o

.rodata1
 *(.rodata1)

.eh_frame_hdr
 *(.eh_frame_hdr)
 *(.eh_frame_entry .eh_frame_entry.*)

.eh_frame
 *(.eh_frame)
 *(.eh_frame.*)

.sframe
 *(.sframe)
 *(.sframe.*)

.gcc_except_table
 *(.gcc_except_table .gcc_except_table.*)

.gnu_extab
 *(.gnu_extab*)

.exception_ranges
 *(.exception_ranges*)
                0x000027bf                        . = DATA_SEGMENT_ALIGN (CONSTANT (MAXPAGESIZE), CONSTANT (COMMONPAGESIZE))

.eh_frame
 *(.eh_frame)
 *(.eh_frame.*)

.sframe
 *(.sframe)
 *(.sframe.*)

.gnu_extab
 *(.gnu_extab)

.gcc_except_table
 *(.gcc_except_table .gcc_except_table.*)

.exception_ranges
 *(.exception_ranges*)

.tdata          0x000027bf        0x0
                [!provide]                        PROVIDE (__tdata_start = .)
 *(.tdata .tdata.* .gnu.linkonce.td.*)

.tbss
 *(.tbss .tbss.* .gnu.linkonce.tb.*)
 *(.tcommon)

.preinit_array  0x000027bf        0x0
                [!provide]                        PROVIDE (__preinit_array_start = .)
 *(.preinit_array)
                [!provide]                        PROVIDE (__preinit_array_end = .)

.init_array     0x000027bf        0x0
                [!provide]                        PROVIDE (__init_array_start = .)
 *(SORT_BY_INIT_PRIORITY(.init_array.*) SORT_BY_INIT_PRIORITY(.ctors.*))
 *(.init_array EXCLUDE_FILE(*crtend?.o *crtend.o *crtbegin?.o *crtbegin.o) .ctors)
                [!provide]                        PROVIDE (__init_array_end = .)

.fini_array     0x000027bf        0x0
                [!provide]                        PROVIDE (__fini_array_start = .)
 *(SORT_BY_INIT_PRIORITY(.fini_array.*) SORT_BY_INIT_PRIORITY(.dtors.*))
 *(.fini_array EXCLUDE_FILE(*crtend?.o *crtend.o *crtbegin?.o *crtbegin.o) .dtors)
                [!provide]                        PROVIDE (__fini_array_end = .)

.ctors
 *crtbegin.o(.ctors)
 *crtbegin?.o(.ctors)
 *(EXCLUDE_FILE(*crtend?.o *crtend.o) .ctors)
 *(SORT_BY_NAME(.ctors.*))
 *(.ctors)

.dtors
 *crtbegin.o(.dtors)
 *crtbegin?.o(.dtors)
 *(EXCLUDE_FILE(*crtend?.o *crtend.o) .dtors)
 *(SORT_BY_NAME(.dtors.*))
 *(.dtors)

.jcr
 *(.jcr)

.data.rel.ro
 *(.data.rel.ro.local* .gnu.linkonce.d.rel.ro.local.*)
 *(.data.rel.ro .data.rel.ro.* .gnu.linkonce.d.rel.ro.*)

.dynamic
 *(.dynamic)
                0x000027bf                        . = DATA_SEGMENT_RELRO_END (., 0x0)

.got
 *(.got.plt)
 *(.igot.plt)
 *(.got)
 *(.igot)

.data           0x000027c0        0x0
 *(.data .data.* .gnu.linkonce.d.*)
 .data          0x000027c0        0x0 obj/main.o

.data1
 *(.data1)
                0x000027c0                        _edata = .
                [!provide]                        PROVIDE (edata = .)
                0x000027c0                        . = .
                0x000027c0                        __bss_start = .

.bss            0x000027c0       0x10
 *(.dynbss)
 *(.bss .bss.* .gnu.linkonce.b.*)
 .bss           0x000027c0       0x10 obj/main.o
 *(COMMON)
                0x000027d0                        . = ALIGN ((. != 0x0)?0x4:0x1)
                0x000027d0                        . = ALIGN (0x4)
                0x000027d0                        . = SEGMENT_START ("ldata-segment", .)
                0x000027d0                        . = ALIGN (0x4)
                0x000027d0                        _end = .
                [!provide]                        PROVIDE (end = .)
                0x000027d0                        . = DATA_SEGMENT_END (.)

.stab
 *(.stab)

.stabstr
 *(.stabstr)

.stab.excl
 *(.stab.excl)

.stab.exclstr
 *(.stab.exclstr)

.stab.index
 *(.stab.index)

.stab.indexstr
 *(.stab.indexstr)

.comment        0x00000000       0x12
 *(.comment)
 .comment       0x00000000       0x12 obj/main.o
                                 0x13 (size before relaxing)

.gnu.build.attributes
 *(.gnu.build.attributes .gnu.build.attributes.*)

.debug
 *(.debug)

.line
 *(.line)

.debug_srcinfo
 *(.debug_srcinfo)

.debug_sfnames
 *(.debug_sfnames)

.debug_aranges  0x00000000       0x30
 *(.debug_aranges)
 .debug_aranges
                0x00000000       0x30 obj/main.o

.debug_pubnames
 *(.debug_pubnames)

.debug_info     0x00000000     0x4e80
 *(.debug_info .gnu.linkonce.wi.*)
 .debug_info    0x00000000     0x4e80 obj/main.o

.debug_abbrev   0x00000000      0x432
 *(.debug_abbrev)
 .debug_abbrev  0x00000000      0x432 obj/main.o

.debug_line     0x00000000     0x1140
 *(.debug_line .debug_line.* .debug_line_end)
 .debug_line    0x00000000     0x1140 obj/main.o

.debug_frame    0x00000000      0x190
 *(.debug_frame)
 .debug_frame   0x00000000      0x190 obj/main.o

.debug_str      0x00000000      0x281
 *(.debug_str)
 .debug_str     0x00000000      0x281 obj/main.o

.debug_loc
 *(.debug_loc)

.debug_macinfo
 *(.debug_macinfo)

.debug_weaknames
 *(.debug_weaknames)

.debug_funcnames
 *(.debug_funcnames)

.debug_typenames
 *(.debug_typenames)

.debug_varnames
 *(.debug_varnames)

.debug_pubtypes
 *(.debug_pubtypes)

.debug_ranges
 *(.debug_ranges)

.debug_addr
 *(.debug_addr)

.debug_line_str
 *(.debug_line_str)

.debug_loclists
                0x00000000      0x4e5
 *(.debug_loclists)
 .debug_loclists
                0x00000000      0x4e5 obj/main.o

.debug_macro
 *(.debug_macro)

.debug_names
 *(.debug_names)

.debug_rnglists
                0x00000000       0x3b
 *(.debug_rnglists)
 .debug_rnglists
                0x00000000       0x3b obj/main.o

.debug_str_offsets
 *(.debug_str_offsets)

.debug_sup
 *(.debug_sup)

.gnu.attributes
 *(.gnu.attributes)

/DISCARD/
 *(.note.GNU-stack)
 *(.gnu_debuglink)
 *(.gnu.lto_*)
OUTPUT(out/a.elf elf32-m68k)

.gnu.debuglto_.debug_info
                0x00000000     0x4a26
 .gnu.debuglto_.debug_info
                0x00000000     0x4a26 obj/main.o
                0x00000000                main.c.dfc0abb0

.gnu.debuglto_.debug_abbrev
                0x00000000      0x2ec
 .gnu.debuglto_.debug_abbrev
                0x00000000      0x2ec obj/main.o

.gnu.debuglto_.debug_line
                0x00000000      0x5a2
 .gnu.debuglto_.debug_line
                0x00000000      0x5a2 obj/main.o

.gnu.debuglto_.debug_str
                0x00000000      0x281
 .gnu.debuglto_.debug_str
                0x00000000      0x281 obj/main.o
